1 LET let
1 ID x
1 COLON :
1 TYPE String
1 ASSIGN =
Error undefined escape sequence u
