1 COMMENT 1
3 COMMENT 1
3 COMMENT 1
4 COMMENT 1
6 COMMENT 1
7 COMMENT 1
8 COMMENT 1
8 BINOP /
8 BINOP *
8 ID this
8 ID should
8 ID hit
8 ID an
8 ID EOF
