1 BINOP /
1 BINOP *
1 ID outer
1 ID comment
1 COMMENT 1
