1 ID int
1 ID nest
1 ASSIGN =
1 COMMENT 1
1 BINOP *
1 BINOP *
1 BINOP /
1 DEC_INT 1
1 SC ;
