1 TYPE String
1 COMMENT 1
2 TYPE String
2 COMMENT 1
3 TYPE String
3 COMMENT 1
4 TYPE String
4 COMMENT 1
5 TYPE String
5 COMMENT 1
6 TYPE String
6 COMMENT 1
7 TYPE String
7 COMMENT 1
8 TYPE String
8 COMMENT 1
9 TYPE String
9 COMMENT 1
10 TYPE String
10 STRING 	
10 COMMENT 1
11 TYPE String
Error unclosed string
