1 IMPORT import
1 ID UIKit
2 VAR var
2 ID num
2 ASSIGN =
2 DEC_REAL 1.0
2 ID e
2 BINOP +
2 DEC_INT 6
3 VAR var
3 ID x
3 COLON :
3 TYPE String
3 ASSIGN =
strtol:84
strtol:108
strtol:105
strtol:105
strtol:110
strtol:101
strtol:111
3 STRING To lnfinity,
					 and Beyond!
4 WHILE while
4 true true
4 LBRACE {
5 ID print
5 LPAREN (
5 ID x
5 RPAREN )
6 RBRACE }
7 COMMENT 0
7 ID important
